// Jest Snapshot v1, https://goo.gl/fbAQLP

exports[`should take a snapshot 1`] = `
<DocumentFragment>
  <div
    class="MuiBox-root MuiBox-root-7 makeStyles-main-1"
    data-testid="main-app"
  />
</DocumentFragment>
`;
